[
  {
    "expression": {
      "endPosition": "23",
      "kind": "NUMBER_LITERAL",
      "value": "1",
      "startPosition": "22"
    },
    "endPosition": "24",
    "kind": "CASE",
    "statements": [],
    "startPosition": "17"
  },
  {
    "expression": {
      "endPosition": "35",
      "kind": "NUMBER_LITERAL",
      "value": "2",
      "startPosition": "34"
    },
    "endPosition": "36",
    "kind": "CASE",
    "statements": [],
    "startPosition": "29"
  },
  {
    "expression": {
      "endPosition": "47",
      "kind": "NUMBER_LITERAL",
      "value": "3",
      "startPosition": "46"
    },
    "endPosition": "63",
    "kind": "CASE",
    "statements": [
      {
        "endPosition": "63",
        "kind": "BREAK",
        "label": "null",
        "startPosition": "57"
      }
    ],
    "startPosition": "41"
  },
  {
    "expression": "null",
    "endPosition": "76",
    "kind": "CASE",
    "statements": [],
    "startPosition": "68"
  },
  {
    "expression": {
      "endPosition": "109",
      "kind": "NUMBER_LITERAL",
      "value": "1",
      "startPosition": "108"
    },
    "endPosition": "124",
    "kind": "CASE",
    "statements": [
      {
        "endPosition": "124",
        "kind": "BREAK",
        "label": "null",
        "startPosition": "119"
      }
    ],
    "startPosition": "103"
  },
  {
    "expression": {
      "endPosition": "135",
      "kind": "NUMBER_LITERAL",
      "value": "2",
      "startPosition": "134"
    },
    "endPosition": "156",
    "kind": "CASE",
    "statements": [
      {
        "endPosition": "156",
        "kind": "BREAK",
        "label": "label",
        "startPosition": "145"
      }
    ],
    "startPosition": "129"
  },
  {
    "expression": {
      "endPosition": "167",
      "kind": "NUMBER_LITERAL",
      "value": "3",
      "startPosition": "166"
    },
    "endPosition": "182",
    "kind": "CASE",
    "statements": [
      {
        "endPosition": "182",
        "kind": "BREAK",
        "label": "null",
        "startPosition": "177"
      }
    ],
    "startPosition": "161"
  }
]
